PASS numeric overflow
PASS negative overflow
PASS above endpoint
PASS below endpoint
PASS positive endpoint
PASS negative endpoint
PASS seconds overflow
PASS seconds coercion
PASS nanoseconds coercion
PASS throwing millis
PASS throwing date
PASS throwing getter
PASS malformed string
PASS NaN
PASS Infinity
PASS invalid date
PASS millis method overflow
PASS valid timestamp
PASS valid toDate
PASS valid seconds
PASS valid Date
PASS valid number
PASS valid ISO
PASS fractional millis
PASS missing
PASS epoch
PASS valid created_key fallback
Bulletin time boundaries: 27/27 PASS
