
[1m--- 1 · טקסט וקטגוריות[0m
  [32m✓[0m הודעה תקינה מתקבלת ונחתכת בקצוות
  [32m✓[0m הודעה ריקה נחסמת
  [32m✓[0m HTML זדוני נשאר טקסט חוקי ולא מפיל את המאמת
  [32m✓[0m בדיוק 2,000 תווים מתקבלים
  [32m✓[0m 2,001 תווים נחסמים
  [32m✓[0m הטקסט מנורמל ל-NFC כמו בשרת
  [32m✓[0m חמש הקטגוריות הן החוזה של השרת
  [32m✓[0m לכל קטגוריה תווית עברית
  [32m✓[0m לכל קטגוריה אייקון תצוגה
  [32m✓[0m רשימת הקטגוריות אינה ניתנת לשינוי בטעות

[1m--- 2 · שם תפקיד וזמן[0m
  [32m✓[0m תפקיד כבאי מוצג בעברית
  [32m✓[0m מפקד משמרת מוצג בעברית
  [32m✓[0m תפקיד לא מוכר אינו מומצא
  [32m✓[0m זמן Firestore עם toMillis
  [32m✓[0m זמן Firestore עם seconds/nanoseconds
  [32m✓[0m אובייקט Date
  [32m✓[0m מספר אלפיות שנייה
  [32m✓[0m חותמת ISO

[1m--- 3 · בידוד תחנה ולוח[0m
  [32m✓[0m טיוטה מבודדת בין לוחות באותה תחנה
  [32m✓[0m טיוטה מבודדת בין תחנות
  [32m✓[0m טיוטה מבודדת בין משתמשים באותו מכשיר
  [32m✓[0m מפתח טיוטה יציב
  [32m✓[0m מפתח טיוטה משתמש בגרסת v2
  [32m✓[0m ניקוי legacy מסיר מפתח ישן אחד
  [32m✓[0m טיוטת legacy אינה מועברת למשתמש מחובר
  [32m✓[0m ניקוי legacy שומר טיוטות v2 של שני משתמשים
  [32m✓[0m סימון נקרא מבודד בין לוחות
  [32m✓[0m סימון נקרא מבודד בין תחנות
  [32m✓[0m סימון נקרא מבודד בין משתמשים באותו מכשיר
  [32m✓[0m סימון נקרא משתמש בגרסת v2
  [32m✓[0m מפתחות טיוטה ולא-נקרא אינם מתנגשים
  [32m✓[0m ניקוי legacy מסיר סימון קריאה משותף אחד
  [32m✓[0m ניקוי legacy שומר סימוני v2 של שני משתמשים

[1m--- 4 · תחנת משנה פעילה[0m
  [32m✓[0m רשומה רגילה פעילה כברירת מחדל
  [32m✓[0m סימן legacy לארכוב חוסם את התחנה {"is_active":false}
  [32m✓[0m סימן legacy לארכוב חוסם את התחנה {"active":false}
  [32m✓[0m סימן legacy לארכוב חוסם את התחנה {"archived":true}
  [32m✓[0m סימן legacy לארכוב חוסם את התחנה {"status":"inactive"}
  [32m✓[0m סימן legacy לארכוב חוסם את התחנה {"status":"ARCHIVED"}
  [32m✓[0m ערך שאינו רשומה אינו תחנה פעילה

[1m--- 5 · סדר ולא-נקרא[0m
  [32m✓[0m מיון הלוח הוא מהחדש לישן
  [32m✓[0m המיון אינו משנה את מערך המקור
  [32m✓[0m הודעה מוסתרת אינה נספרת כחדשה
  [32m✓[0m מה שאני כתבתי אינו נספר כלא-נקרא
  [32m✓[0m בלי סימון קריאה קודם לא מציגים מספר מטעה
  [32m✓[0m חותמת החדשה ביותר מחושבת על הפיד הגלוי שנמסר

[1m════════════════════════════════════[0m
[32m[1m  ✓ כל 46 בדיקות לוח המודעות עברו[0m
[1m════════════════════════════════════[0m

