i  emulators: Starting emulators: firestore
i  emulators: Detected demo project ID "demo-resq", emulated services will use a demo configuration and attempts to access non-emulated services for this project will fail.
i  firestore: Firestore Emulator logging to firestore-debug.log
+  firestore: Firestore Emulator was started in standard edition.
+  firestore: Firestore Emulator UI websocket is running on 9150.
i  Running script: node functions/outbox-ack-race.integration.test.js
PASS schedule ACK none
PASS schedule ACK lease
PASS schedule ACK cancelled
PASS schedule ACK deleted
PASS guard ACK none
PASS guard ACK lease
PASS guard ACK cancelled
PASS guard ACK deleted
+  Script exited successfully (code 0)
i  emulators: Shutting down emulators.
i  firestore: Stopping Firestore Emulator
!  Firestore Emulator has exited upon receiving signal: SIGINT
i  hub: Stopping emulator hub
i  logging: Stopping Logging Emulator
